SQL> ed
SP2-0107: Nothing to save.
SQL> select * from emp;

     EMPNO ENAME      JOB              MGR HIREDATE         SAL       COMM      
---------- ---------- --------- ---------- --------- ---------- ----------      
    DEPTNO                                                                      
----------                                                                      
      7369 SMITH      CLERK           7902 17-DEC-80        800                 
        20                                                                      
                                                                                
      7499 ALLEN      SALESMAN        7698 20-FEB-81       1600        300      
        30                                                                      
                                                                                
      7521 WARD       SALESMAN        7698 22-FEB-81       1250        500      
        30                                                                      
                                                                                

     EMPNO ENAME      JOB              MGR HIREDATE         SAL       COMM      
---------- ---------- --------- ---------- --------- ---------- ----------      
    DEPTNO                                                                      
----------                                                                      
      7566 JONES      MANAGER         7839 02-APR-81       2975                 
        20                                                                      
                                                                                
      7654 MARTIN     SALESMAN        7698 28-SEP-81       1250       1400      
        30                                                                      
                                                                                
      7698 BLAKE      MANAGER         7839 01-MAY-81       2850                 
        30                                                                      
                                                                                

     EMPNO ENAME      JOB              MGR HIREDATE         SAL       COMM      
---------- ---------- --------- ---------- --------- ---------- ----------      
    DEPTNO                                                                      
----------                                                                      
      7782 CLARK      MANAGER         7839 09-JUN-81       2450                 
        10                                                                      
                                                                                
      7788 SCOTT      ANALYST         7566 19-APR-87       3000                 
        20                                                                      
                                                                                
      7839 KING       PRESIDENT            17-NOV-81       5000                 
        10                                                                      
                                                                                

     EMPNO ENAME      JOB              MGR HIREDATE         SAL       COMM      
---------- ---------- --------- ---------- --------- ---------- ----------      
    DEPTNO                                                                      
----------                                                                      
      7844 TURNER     SALESMAN        7698 08-SEP-81       1500          0      
        30                                                                      
                                                                                
      7876 ADAMS      CLERK           7788 23-MAY-87       1100                 
        20                                                                      
                                                                                
      7900 JAMES      CLERK           7698 03-DEC-81        950                 
        30                                                                      
                                                                                

     EMPNO ENAME      JOB              MGR HIREDATE         SAL       COMM      
---------- ---------- --------- ---------- --------- ---------- ----------      
    DEPTNO                                                                      
----------                                                                      
      7902 FORD       ANALYST         7566 03-DEC-81       3000                 
        20                                                                      
                                                                                
      7934 MILLER     CLERK           7782 23-JAN-82       1300                 
        10                                                                      
                                                                                

14 rows selected.

SQL> ed
Wrote file afiedt.buf

  1* select deptno from emp groupby deptno having sal=max(sal)
  2  /
select deptno from emp groupby deptno having sal=max(sal)
                               *
ERROR at line 1:
ORA-00933: SQL command not properly ended 


SQL> ed
Wrote file afiedt.buf

  1  select deptno 
  2  from emp 
  3  groupby deptno,sal
  4*  having sal=max(sal)
SQL> /
groupby deptno,sal
        *
ERROR at line 3:
ORA-00933: SQL command not properly ended 


SQL> ed
Wrote file afiedt.buf

  1  select deptno 
  2  from emp 
  3  group by deptno,sal
  4*  having sal=max(sal)
SQL> /

    DEPTNO                                                                      
----------                                                                      
        10                                                                      
        20                                                                      
        20                                                                      
        10                                                                      
        30                                                                      
        20                                                                      
        30                                                                      
        20                                                                      
        10                                                                      
        30                                                                      
        30                                                                      

    DEPTNO                                                                      
----------                                                                      
        30                                                                      

12 rows selected.

SQL> cl scr
SQL> select * from emp;

     EMPNO ENAME      JOB              MGR HIREDATE         SAL       COMM      
---------- ---------- --------- ---------- --------- ---------- ----------      
    DEPTNO                                                                      
----------                                                                      
      7369 SMITH      CLERK           7902 17-DEC-80        800                 
        20                                                                      
                                                                                
      7499 ALLEN      SALESMAN        7698 20-FEB-81       1600        300      
        30                                                                      
                                                                                
      7521 WARD       SALESMAN        7698 22-FEB-81       1250        500      
        30                                                                      
                                                                                

     EMPNO ENAME      JOB              MGR HIREDATE         SAL       COMM      
---------- ---------- --------- ---------- --------- ---------- ----------      
    DEPTNO                                                                      
----------                                                                      
      7566 JONES      MANAGER         7839 02-APR-81       2975                 
        20                                                                      
                                                                                
      7654 MARTIN     SALESMAN        7698 28-SEP-81       1250       1400      
        30                                                                      
                                                                                
      7698 BLAKE      MANAGER         7839 01-MAY-81       2850                 
        30                                                                      
                                                                                

     EMPNO ENAME      JOB              MGR HIREDATE         SAL       COMM      
---------- ---------- --------- ---------- --------- ---------- ----------      
    DEPTNO                                                                      
----------                                                                      
      7782 CLARK      MANAGER         7839 09-JUN-81       2450                 
        10                                                                      
                                                                                
      7788 SCOTT      ANALYST         7566 19-APR-87       3000                 
        20                                                                      
                                                                                
      7839 KING       PRESIDENT            17-NOV-81       5000                 
        10                                                                      
                                                                                

     EMPNO ENAME      JOB              MGR HIREDATE         SAL       COMM      
---------- ---------- --------- ---------- --------- ---------- ----------      
    DEPTNO                                                                      
----------                                                                      
      7844 TURNER     SALESMAN        7698 08-SEP-81       1500          0      
        30                                                                      
                                                                                
      7876 ADAMS      CLERK           7788 23-MAY-87       1100                 
        20                                                                      
                                                                                
      7900 JAMES      CLERK           7698 03-DEC-81        950                 
        30                                                                      
                                                                                

     EMPNO ENAME      JOB              MGR HIREDATE         SAL       COMM      
---------- ---------- --------- ---------- --------- ---------- ----------      
    DEPTNO                                                                      
----------                                                                      
      7902 FORD       ANALYST         7566 03-DEC-81       3000                 
        20                                                                      
                                                                                
      7934 MILLER     CLERK           7782 23-JAN-82       1300                 
        10                                                                      
                                                                                

14 rows selected.

SQL> select ename,sal
  2  from emp;

ENAME             SAL                                                           
---------- ----------                                                           
SMITH             800                                                           
ALLEN            1600                                                           
WARD             1250                                                           
JONES            2975                                                           
MARTIN           1250                                                           
BLAKE            2850                                                           
CLARK            2450                                                           
SCOTT            3000                                                           
KING             5000                                                           
TURNER           1500                                                           
ADAMS            1100                                                           

ENAME             SAL                                                           
---------- ----------                                                           
JAMES             950                                                           
FORD             3000                                                           
MILLER           1300                                                           

14 rows selected.

SQL> select ename,deptno
  2  from emp;

ENAME          DEPTNO                                                           
---------- ----------                                                           
SMITH              20                                                           
ALLEN              30                                                           
WARD               30                                                           
JONES              20                                                           
MARTIN             30                                                           
BLAKE              30                                                           
CLARK              10                                                           
SCOTT              20                                                           
KING               10                                                           
TURNER             30                                                           
ADAMS              20                                                           

ENAME          DEPTNO                                                           
---------- ----------                                                           
JAMES              30                                                           
FORD               20                                                           
MILLER             10                                                           

14 rows selected.

SQL> select job
  2  from emp;

JOB                                                                             
---------                                                                       
CLERK                                                                           
SALESMAN                                                                        
SALESMAN                                                                        
MANAGER                                                                         
SALESMAN                                                                        
MANAGER                                                                         
MANAGER                                                                         
ANALYST                                                                         
PRESIDENT                                                                       
SALESMAN                                                                        
CLERK                                                                           

JOB                                                                             
---------                                                                       
CLERK                                                                           
ANALYST                                                                         
CLERK                                                                           

14 rows selected.

SQL> select empno,empname
  2  from emp;
select empno,empname
             *
ERROR at line 1:
ORA-00904: "EMPNAME": invalid identifier 


SQL> selec empno,ename
SP2-0734: unknown command beginning "selec empn..." - rest of line ignored.
SQL> select empno,ename
  2  from emp;

     EMPNO ENAME                                                                
---------- ----------                                                           
      7369 SMITH                                                                
      7499 ALLEN                                                                
      7521 WARD                                                                 
      7566 JONES                                                                
      7654 MARTIN                                                               
      7698 BLAKE                                                                
      7782 CLARK                                                                
      7788 SCOTT                                                                
      7839 KING                                                                 
      7844 TURNER                                                               
      7876 ADAMS                                                                

     EMPNO ENAME                                                                
---------- ----------                                                           
      7900 JAMES                                                                
      7902 FORD                                                                 
      7934 MILLER                                                               

14 rows selected.

SQL> select sal from emp;

       SAL                                                                      
----------                                                                      
       800                                                                      
      1600                                                                      
      1250                                                                      
      2975                                                                      
      1250                                                                      
      2850                                                                      
      2450                                                                      
      3000                                                                      
      5000                                                                      
      1500                                                                      
      1100                                                                      

       SAL                                                                      
----------                                                                      
       950                                                                      
      3000                                                                      
      1300                                                                      

14 rows selected.

SQL> select ename,sal*12 as annual sal from emp;
select ename,sal*12 as annual sal from emp
                              *
ERROR at line 1:
ORA-00923: FROM keyword not found where expected 


SQL> ed
Wrote file afiedt.buf

  1* select ename,sal*12 as annual_sal from emp
SQL> /

ENAME      ANNUAL_SAL                                                           
---------- ----------                                                           
SMITH            9600                                                           
ALLEN           19200                                                           
WARD            15000                                                           
JONES           35700                                                           
MARTIN          15000                                                           
BLAKE           34200                                                           
CLARK           29400                                                           
SCOTT           36000                                                           
KING            60000                                                           
TURNER          18000                                                           
ADAMS           13200                                                           

ENAME      ANNUAL_SAL                                                           
---------- ----------                                                           
JAMES           11400                                                           
FORD            36000                                                           
MILLER          15600                                                           

14 rows selected.

SQL> ed
Wrote file afiedt.buf

  1* select ename,sal*06 as Half_Term_Sal from emp
SQL> /

ENAME      HALF_TERM_SAL                                                        
---------- -------------                                                        
SMITH               4800                                                        
ALLEN               9600                                                        
WARD                7500                                                        
JONES              17850                                                        
MARTIN              7500                                                        
BLAKE              17100                                                        
CLARK              14700                                                        
SCOTT              18000                                                        
KING               30000                                                        
TURNER              9000                                                        
ADAMS               6600                                                        

ENAME      HALF_TERM_SAL                                                        
---------- -------------                                                        
JAMES               5700                                                        
FORD               18000                                                        
MILLER              7800                                                        

14 rows selected.

SQL> ed
Wrote file afiedt.buf

  1* select ename,empno,hiredate,sal*12  from emp
  2  /

ENAME           EMPNO HIREDATE      SAL*12                                      
---------- ---------- --------- ----------                                      
SMITH            7369 17-DEC-80       9600                                      
ALLEN            7499 20-FEB-81      19200                                      
WARD             7521 22-FEB-81      15000                                      
JONES            7566 02-APR-81      35700                                      
MARTIN           7654 28-SEP-81      15000                                      
BLAKE            7698 01-MAY-81      34200                                      
CLARK            7782 09-JUN-81      29400                                      
SCOTT            7788 19-APR-87      36000                                      
KING             7839 17-NOV-81      60000                                      
TURNER           7844 08-SEP-81      18000                                      
ADAMS            7876 23-MAY-87      13200                                      

ENAME           EMPNO HIREDATE      SAL*12                                      
---------- ---------- --------- ----------                                      
JAMES            7900 03-DEC-81      11400                                      
FORD             7902 03-DEC-81      36000                                      
MILLER           7934 23-JAN-82      15600                                      

14 rows selected.

SQL> ed
Wrote file afiedt.buf

  1* select distinct(sal)  from emp
SQL> /

       SAL                                                                      
----------                                                                      
      2450                                                                      
      5000                                                                      
      1300                                                                      
      1250                                                                      
      2850                                                                      
      2975                                                                      
      1100                                                                      
      3000                                                                      
       800                                                                      
      1600                                                                      
      1500                                                                      

       SAL                                                                      
----------                                                                      
       950                                                                      

12 rows selected.

SQL> ed
Wrote file afiedt.buf

  1* select distinct(deptno)  from emp
SQL> /

    DEPTNO                                                                      
----------                                                                      
        30                                                                      
        20                                                                      
        10                                                                      

SQL> ed
Wrote file afiedt.buf

  1* select ename,sal*0.15  from emp
SQL> /

ENAME        SAL*0.15                                                           
---------- ----------                                                           
SMITH             120                                                           
ALLEN             240                                                           
WARD            187.5                                                           
JONES          446.25                                                           
MARTIN          187.5                                                           
BLAKE           427.5                                                           
CLARK           367.5                                                           
SCOTT             450                                                           
KING              750                                                           
TURNER            225                                                           
ADAMS             165                                                           

ENAME        SAL*0.15                                                           
---------- ----------                                                           
JAMES           142.5                                                           
FORD              450                                                           
MILLER            195                                                           

14 rows selected.

SQL> ed
Wrote file afiedt.buf

  1* select distinct(mgr)  from emp
SQL> /

       MGR                                                                      
----------                                                                      
      7839                                                                      
                                                                                
      7782                                                                      
      7698                                                                      
      7902                                                                      
      7566                                                                      
      7788                                                                      

7 rows selected.

SQL> ed
Wrote file afiedt.buf

  1* select sal+500  from emp
SQL> /

   SAL+500                                                                      
----------                                                                      
      1300                                                                      
      2100                                                                      
      1750                                                                      
      3475                                                                      
      1750                                                                      
      3350                                                                      
      2950                                                                      
      3500                                                                      
      5500                                                                      
      2000                                                                      
      1600                                                                      

   SAL+500                                                                      
----------                                                                      
      1450                                                                      
      3500                                                                      
      1800                                                                      

14 rows selected.

SQL> ed
Wrote file afiedt.buf

  1  select ename 
  2  from emp
  3* where deptno=10
SQL> /

ENAME                                                                           
----------                                                                      
CLARK                                                                           
KING                                                                            
MILLER                                                                          

SQL> ed
Wrote file afiedt.buf

  1  select ename,sal 
  2  from emp
  3* where sal>1200
SQL> /

ENAME             SAL                                                           
---------- ----------                                                           
ALLEN            1600                                                           
WARD             1250                                                           
JONES            2975                                                           
MARTIN           1250                                                           
BLAKE            2850                                                           
CLARK            2450                                                           
SCOTT            3000                                                           
KING             5000                                                           
TURNER           1500                                                           
FORD             3000                                                           
MILLER           1300                                                           

11 rows selected.

SQL> ed
Wrote file afiedt.buf

  1  select ename 
  2  from emp
  3* where mgr=7698
SQL> /

ENAME                                                                           
----------                                                                      
ALLEN                                                                           
WARD                                                                            
MARTIN                                                                          
TURNER                                                                          
JAMES                                                                           

SQL> ed
Wrote file afiedt.buf

  1  select sal*12 
  2  from emp
  3* where deptno=20
SQL> /

    SAL*12                                                                      
----------                                                                      
      9600                                                                      
     35700                                                                      
     36000                                                                      
     13200                                                                      
     36000                                                                      

SQL> ed
Wrote file afiedt.buf

  1  select ename,sal 
  2  from emp
  3* where sal<3000
SQL> /

ENAME             SAL                                                           
---------- ----------                                                           
SMITH             800                                                           
ALLEN            1600                                                           
WARD             1250                                                           
JONES            2975                                                           
MARTIN           1250                                                           
BLAKE            2850                                                           
CLARK            2450                                                           
TURNER           1500                                                           
ADAMS            1100                                                           
JAMES             950                                                           
MILLER           1300                                                           

11 rows selected.

SQL> ed
Wrote file afiedt.buf

  1  select ename,mgr,deptno 
  2  from emp
  3* where mgr=7698 and deptno=30
SQL> /

ENAME             MGR     DEPTNO                                                
---------- ---------- ----------                                                
ALLEN            7698         30                                                
WARD             7698         30                                                
MARTIN           7698         30                                                
TURNER           7698         30                                                
JAMES            7698         30                                                

SQL> spool off
SQL> ed
Wrote file afiedt.buf

  1  select deptno,max(sal),avg(sal)
  2  from emp
  3  group by deptno
  4* having avg(sal) between 1000 and 2000
SQL> /

    DEPTNO   MAX(SAL)   AVG(SAL)                                                
---------- ---------- ----------                                                
        30       2850 1566.66667                                                

SQL> ed
Wrote file afiedt.buf

  1  select deptno,max(sal),avg(sal)
  2  from emp
  3  group by deptno
  4* having count(*)>=2
SQL> /

    DEPTNO   MAX(SAL)   AVG(SAL)                                                
---------- ---------- ----------                                                
        30       2850 1566.66667                                                
        20       3000       2175                                                
        10       5000 2916.66667                                                

SQL> spool off
SQL> ed
Wrote file afiedt.buf

  1  select deptno
  2  from emp
  3  group by deptno
  4* having count(*)>2
SQL> /

    DEPTNO                                                                      
----------                                                                      
        30                                                                      
        20                                                                      
        10                                                                      

SQL> ed
Wrote file afiedt.buf

  1  select deptno
  2  from emp
  3  group by deptno
  4* having count(*)>3
SQL> /

    DEPTNO                                                                      
----------                                                                      
        30                                                                      
        20                                                                      

SQL> select sal from emp;

       SAL                                                                      
----------                                                                      
       800                                                                      
      1600                                                                      
      1250                                                                      
      2975                                                                      
      1250                                                                      
      2850                                                                      
      2450                                                                      
      3000                                                                      
      5000                                                                      
      1500                                                                      
      1100                                                                      

       SAL                                                                      
----------                                                                      
       950                                                                      
      3000                                                                      
      1300                                                                      

14 rows selected.

SQL> ed
Wrote file afiedt.buf

  1* select sal from emp order by sal
SQL> /

       SAL                                                                      
----------                                                                      
       800                                                                      
       950                                                                      
      1100                                                                      
      1250                                                                      
      1250                                                                      
      1300                                                                      
      1500                                                                      
      1600                                                                      
      2450                                                                      
      2850                                                                      
      2975                                                                      

       SAL                                                                      
----------                                                                      
      3000                                                                      
      3000                                                                      
      5000                                                                      

14 rows selected.

SQL> ed
Wrote file afiedt.buf

  1* select distinct(sal) from emp order by sal
SQL> /

       SAL                                                                      
----------                                                                      
       800                                                                      
       950                                                                      
      1100                                                                      
      1250                                                                      
      1300                                                                      
      1500                                                                      
      1600                                                                      
      2450                                                                      
      2850                                                                      
      2975                                                                      
      3000                                                                      

       SAL                                                                      
----------                                                                      
      5000                                                                      

12 rows selected.

SQL> ed
Wrote file afiedt.buf

  1* select distinct(sal) from emp order by sal desc
SQL> /

       SAL                                                                      
----------                                                                      
      5000                                                                      
      3000                                                                      
      2975                                                                      
      2850                                                                      
      2450                                                                      
      1600                                                                      
      1500                                                                      
      1300                                                                      
      1250                                                                      
      1100                                                                      
       950                                                                      

       SAL                                                                      
----------                                                                      
       800                                                                      

12 rows selected.

SQL> ed
Wrote file afiedt.buf

  1  select * 
  2  from emp where sal >(select sal
  3  		from emp
  4* 		where enam='scott')
SQL> /
		where enam='scott')
		      *
ERROR at line 4:
ORA-00904: "ENAM": invalid identifier 


SQL> ed
Wrote file afiedt.buf

  1  select * 
  2  from emp where sal >(select sal
  3  		from emp
  4* 		where ename='scott')
SQL> /

no rows selected

SQL> ed
Wrote file afiedt.buf

  1  select * 
  2  from emp where sal >(select sal
  3  		from emp
  4* 		where ename='SCOTT')
SQL> /

     EMPNO ENAME      JOB              MGR HIREDATE         SAL       COMM      
---------- ---------- --------- ---------- --------- ---------- ----------      
    DEPTNO                                                                      
----------                                                                      
      7839 KING       PRESIDENT            17-NOV-81       5000                 
        10                                                                      
                                                                                

SQL> ed
Wrote file afiedt.buf

  1  select dname
  2  from dept
  3  where deptno=(select deptno 
  4  	       from emp 
  5  	       where sal >(select sal
  6  		         from emp
  7* 		         where ename='SCOTT')
SQL> /
where deptno=(select deptno 
              *
ERROR at line 3:
ORA-00921: unexpected end of SQL command 


SQL> ed
Wrote file afiedt.buf

  1  select dname
  2  from dept
  3  where deptno=(select deptno 
  4  	       from emp 
  5  	       where sal >(select sal
  6  		         from emp
  7* 		         where ename='SCOTT'))
SQL> /

DNAME                                                                           
--------------                                                                  
ACCOUNTING                                                                      

SQL> ed
Wrote file afiedt.buf

  1  select max(sal)
  2  from emp
  3  where sal<(select max(sal) 
  4  	       from emp 
  5  	       where sal <(select max(sal)
  6* 		         from emp))
  7  /

  MAX(SAL)                                                                      
----------                                                                      
      2975                                                                      

SQL> ed
Wrote file afiedt.buf

  1  select max(sal)
  2  from emp
  3  where sal<(select max(sal) 
  4  	       from emp 
  5  	       where sal <(select max(sal)
  6  		         from emp<select max(sal)
  7  			          from emp
  8  			         where sal<(select max(sal) 
  9  	       		         	         from emp 
 10  	       			         where sal <(select max(sal)
 11  		         		                           from emp
 12  					           where sal<(select max(sal)
 13* 						            from emp))))))
 14  /
		         from emp<select max(sal)
		                 *
ERROR at line 6:
ORA-00907: missing right parenthesis 


SQL> ed
Wrote file afiedt.buf

  1  select max(sal)
  2  from emp
  3  where sal<(select max(sal) 
  4  	       from emp 
  5  	       where sal <(select max(sal)
  6  		         from emp
  7  		         where sal<(select max(sal)
  8  			          from emp
  9  			         where sal<(select max(sal) 
 10  	       		         	         from emp 
 11  	       			         where sal <(select max(sal)
 12  		         		                           from emp
 13  					           where sal<(select max(sal)
 14* 						            from emp))))))
SQL> /

  MAX(SAL)                                                                      
----------                                                                      
      1500                                                                      

SQL> ed
Wrote file afiedt.buf

  1  with fmax as (select max(sal) fmaxsal from emp)
  2         smax as(select max(sal) smaxsal from emp where sal<(select * from fmax)),
  3         tmax as(select max(sal) tmaxsal from emp where sal<(select * from smax)),
  4         fomax as(select max(sal) fomaxsal from emp where sal<(select * from tmax))
  5*        select fomaxsal from fomax
  6  /
       smax as(select max(sal) smaxsal from emp where sal<(select * from fmax)),
       *
ERROR at line 2:
ORA-00928: missing SELECT keyword 


SQL> ed
Wrote file afiedt.buf

  1  with fmax as (select max(sal) fmaxsal from emp)
  2         smax as(select max(sal) smaxsal from emp where sal<(select * from fmax)),
  3         tmax as(select max(sal) tmaxsal from emp where sal<(select * from smax)),
  4         fomax as(select max(sal) fomaxsal from emp where sal<(select * from tmax))
  5*        select fomaxsal from fomax
SQL> spool off
